[01/14/2026 - 12:22:38] BDK Initialized: Environment: Production, Version: 2.12.1.002 [Live] 
[01/14/2026 - 12:22:41] load.platform.config: force_ini=0, env=prodpc01
[01/14/2026 - 12:22:42] load.json: gateway=https://us-east-2-prod-prodpc01-glb-bps-gateway.p76prod.systems, bigateway=https://us-east-2-prod-prodpc01-glb-bps-bigateway.p76prod.systems, pushy=https://us-east-2-prod-prodpc01-glb-bps-pushy.p76prod.systems, regions=0
[01/14/2026 - 12:22:42] ping.response: url=http://eu-central-1-prod-prodpc01-reg-httpping.p76prod.systems/ping, ping_url=http://eu-central-1-prod-prodpc01-reg-httpping.p76prod.systems/ping, status_code=200, error_code=0, error_msg=
[01/14/2026 - 12:22:42] ping.response: url=http://eu-west-1-prod-prodpc01-reg-httpping.p76prod.systems/ping, ping_url=http://eu-west-1-prod-prodpc01-reg-httpping.p76prod.systems/ping, status_code=200, error_code=0, error_msg=
[01/14/2026 - 12:22:42] ping.response: success=true
[01/14/2026 - 12:22:42] ping.found: lowest-ping-ms=31, region=2, gs-region=6
[01/14/2026 - 12:22:42] ping.sample: region=2, gs-region=6, ping-ms=32
[01/14/2026 - 12:22:42] ping.sample: region=2, gs-region=6, ping-ms=31
[01/14/2026 - 12:22:42] ping.sample: region=2, gs-region=6, ping-ms=31
[01/14/2026 - 12:22:42] ping.sample: region=2, gs-region=6, ping-ms=31
[01/14/2026 - 12:22:42] ping.sample: region=2, gs-region=6, ping-ms=32
[01/14/2026 - 12:22:42] ping.response: url=http://us-east-1-prod-prodpc01-reg-httpping.p76prod.systems/ping, ping_url=http://us-east-1-prod-prodpc01-reg-httpping.p76prod.systems/ping, status_code=200, error_code=0, error_msg=
[01/14/2026 - 12:22:42] ping.response: success=true
[01/14/2026 - 12:22:42] ping.found: lowest-ping-ms=32, region=2, gs-region=7
[01/14/2026 - 12:22:42] ping.sample: region=2, gs-region=7, ping-ms=46
[01/14/2026 - 12:22:42] ping.sample: region=2, gs-region=7, ping-ms=47
[01/14/2026 - 12:22:42] ping.sample: region=2, gs-region=7, ping-ms=32
[01/14/2026 - 12:22:42] ping.sample: region=2, gs-region=7, ping-ms=46
[01/14/2026 - 12:22:42] ping.sample: region=2, gs-region=7, ping-ms=47
[01/14/2026 - 12:22:42] ping.response: url=http://ap-southeast-2-prod-prodpc01-reg-httpping.p76prod.systems/ping, ping_url=http://ap-southeast-2-prod-prodpc01-reg-httpping.p76prod.systems/ping, status_code=200, error_code=0, error_msg=
[01/14/2026 - 12:22:43] ping.response: success=true
[01/14/2026 - 12:22:43] ping.found: lowest-ping-ms=109, region=2, gs-region=2
[01/14/2026 - 12:22:43] ping.sample: region=2, gs-region=2, ping-ms=110
[01/14/2026 - 12:22:43] ping.sample: region=2, gs-region=2, ping-ms=109
[01/14/2026 - 12:22:43] ping.sample: region=2, gs-region=2, ping-ms=109
[01/14/2026 - 12:22:43] ping.sample: region=2, gs-region=2, ping-ms=125
[01/14/2026 - 12:22:43] ping.sample: region=2, gs-region=2, ping-ms=110
[01/14/2026 - 12:22:44] ping.response: success=true
[01/14/2026 - 12:22:44] ping.found: lowest-ping-ms=312, region=2, gs-region=11
[01/14/2026 - 12:22:44] ping.sample: region=2, gs-region=11, ping-ms=312
[01/14/2026 - 12:22:44] ping.sample: region=2, gs-region=11, ping-ms=313
[01/14/2026 - 12:22:44] ping.sample: region=2, gs-region=11, ping-ms=312
[01/14/2026 - 12:22:44] ping.sample: region=2, gs-region=11, ping-ms=313
[01/14/2026 - 12:22:44] ping.sample: region=2, gs-region=11, ping-ms=328
[01/14/2026 - 12:22:44] get.lowest.ping.region: region=2, on-cooldown=false, ping-ms=31
[01/14/2026 - 12:22:44] all.pings.complete: found=true, region=2, lowest-ping-ms=31
