[01/16/2026 - 04:09:36] BDK Initialized: Environment: Production, Version: 2.12.1.002 [Live] 
[01/16/2026 - 04:11:48] load.platform.config: force_ini=0, env=prodpc01
[01/16/2026 - 04:11:48] load.json: gateway=https://us-east-2-prod-prodpc01-glb-bps-gateway.p76prod.systems, bigateway=https://us-east-2-prod-prodpc01-glb-bps-bigateway.p76prod.systems, pushy=https://us-east-2-prod-prodpc01-glb-bps-pushy.p76prod.systems, regions=0
[01/16/2026 - 04:11:49] ping.response: url=http://eu-central-1-prod-prodpc01-reg-httpping.p76prod.systems/ping, ping_url=http://eu-central-1-prod-prodpc01-reg-httpping.p76prod.systems/ping, status_code=200, error_code=0, error_msg=
[01/16/2026 - 04:11:49] ping.response: url=http://eu-west-1-prod-prodpc01-reg-httpping.p76prod.systems/ping, ping_url=http://eu-west-1-prod-prodpc01-reg-httpping.p76prod.systems/ping, status_code=200, error_code=0, error_msg=
[01/16/2026 - 04:11:49] ping.response: success=true
[01/16/2026 - 04:11:49] ping.found: lowest-ping-ms=16, region=2, gs-region=6
[01/16/2026 - 04:11:49] ping.sample: region=2, gs-region=6, ping-ms=16
[01/16/2026 - 04:11:49] ping.sample: region=2, gs-region=6, ping-ms=31
[01/16/2026 - 04:11:49] ping.sample: region=2, gs-region=6, ping-ms=16
[01/16/2026 - 04:11:49] ping.sample: region=2, gs-region=6, ping-ms=31
[01/16/2026 - 04:11:49] ping.sample: region=2, gs-region=6, ping-ms=31
[01/16/2026 - 04:11:49] ping.response: success=true
[01/16/2026 - 04:11:49] ping.found: lowest-ping-ms=31, region=2, gs-region=7
[01/16/2026 - 04:11:49] ping.sample: region=2, gs-region=7, ping-ms=31
[01/16/2026 - 04:11:49] ping.sample: region=2, gs-region=7, ping-ms=47
[01/16/2026 - 04:11:49] ping.sample: region=2, gs-region=7, ping-ms=31
[01/16/2026 - 04:11:49] ping.sample: region=2, gs-region=7, ping-ms=32
[01/16/2026 - 04:11:49] ping.sample: region=2, gs-region=7, ping-ms=46
[01/16/2026 - 04:11:49] ping.response: url=http://us-east-1-prod-prodpc01-reg-httpping.p76prod.systems/ping, ping_url=http://us-east-1-prod-prodpc01-reg-httpping.p76prod.systems/ping, status_code=200, error_code=0, error_msg=
[01/16/2026 - 04:11:49] ping.response: url=http://ap-southeast-2-prod-prodpc01-reg-httpping.p76prod.systems/ping, ping_url=http://ap-southeast-2-prod-prodpc01-reg-httpping.p76prod.systems/ping, status_code=200, error_code=0, error_msg=
[01/16/2026 - 04:11:49] ping.response: success=true
[01/16/2026 - 04:11:49] ping.found: lowest-ping-ms=94, region=2, gs-region=2
[01/16/2026 - 04:11:49] ping.sample: region=2, gs-region=2, ping-ms=109
[01/16/2026 - 04:11:49] ping.sample: region=2, gs-region=2, ping-ms=109
[01/16/2026 - 04:11:49] ping.sample: region=2, gs-region=2, ping-ms=110
[01/16/2026 - 04:11:49] ping.sample: region=2, gs-region=2, ping-ms=94
[01/16/2026 - 04:11:49] ping.sample: region=2, gs-region=2, ping-ms=109
[01/16/2026 - 04:11:51] ping.response: success=true
[01/16/2026 - 04:11:51] ping.found: lowest-ping-ms=281, region=2, gs-region=11
[01/16/2026 - 04:11:51] ping.sample: region=2, gs-region=11, ping-ms=281
[01/16/2026 - 04:11:51] ping.sample: region=2, gs-region=11, ping-ms=297
[01/16/2026 - 04:11:51] ping.sample: region=2, gs-region=11, ping-ms=297
[01/16/2026 - 04:11:51] ping.sample: region=2, gs-region=11, ping-ms=297
[01/16/2026 - 04:11:51] ping.sample: region=2, gs-region=11, ping-ms=297
[01/16/2026 - 04:11:51] get.lowest.ping.region: region=2, on-cooldown=false, ping-ms=16
[01/16/2026 - 04:11:51] all.pings.complete: found=true, region=2, lowest-ping-ms=16
[01/16/2026 - 04:11:55] get.lowest.ping.region: region=2, on-cooldown=false, ping-ms=16
[01/16/2026 - 04:11:56] get.lowest.ping.region: region=2, on-cooldown=false, ping-ms=16
[01/16/2026 - 04:12:00] get.lowest.ping.region: region=2, on-cooldown=false, ping-ms=16
