SFE loaded from: C:\Program Files (x86)\Steam\steamapps\common\Fallout76\dxgi.dll
Checking FO76 version.
dwSignature = FEEF04BD
dwStrucVersion = 00010000
dwFileVersionMS = 00010007
dwFileVersionLS = 0016000D
dwProductVersionMS = 00010007
dwProductVersionLS = 0016000D
dwFileFlagsMask = 00000017
dwFileFlags = 00000000
dwFileOS = 00000004
dwFileType = 00000001
dwFileSubtype = 00000000
dwFileDateMS = 00000000
dwFileDateLS = 00000000
version = 000100070016000D
product name = Fallout 76
normal exe
Sigscan start
Scan 1 done
Scan 2 done
Scan 5 done
Scan 6 done
Scan 7 done
Sigscan elapsed: 353 ms.
SFE runtime: initialize (version = 0.0.111 010A0780 01DC857658633A35, os = 6.2 (9200))
imagebase = 00007FF7C0020000
reloc mgr imagebase = 00007FF7C0020000
init complete
1328468854665919153
1
2
6
1
0
4294967295
3544442241113092720
1328468854665919361
1
2
2
1
0
4294967295
3544442241113092720
