scaleform 1
scaleform 2
scaleform 1
scaleform 2
scaleform 1
scaleform 2
scaleform 1
scaleform 2
scaleform 1
scaleform 2
scaleform 1
scaleform 2
scaleform 1
scaleform 2
scaleform 1
scaleform 2
scaleform 1
scaleform 2
scaleform 1
scaleform 2
scaleform 1
scaleform 2
Set code object, 1st call
Client is null. Returning write failure. 2
Client is null. Returning write failure. 2
Client is null. Returning write failure. 2
Client is null. Returning write failure. 2
Client is null. Returning write failure. 2
Client is null. Returning write failure. 2
Client is null. Returning write failure. 2
Client is null. Returning write failure. 2
Client is null. Returning write failure. 2
Client is null. Returning write failure. 2
Client is null. Returning write failure. 2
Client is null. Returning write failure. 2
Client is null. Returning write failure. 2
Client is null. Returning write failure. 2
Client is null. Returning write failure. 2
Client is null. Returning write failure. 2
Client is null. Returning write failure. 2
Client is null. Returning write failure. 2
Client is null. Returning write failure. 2
Client is null. Returning write failure. 2
Client is null. Returning write failure. 2
Client is null. Returning write failure. 2
Client is null. Returning write failure. 2
Client is null. Returning write failure. 2
Client is null. Returning write failure. 2
Client is null. Returning write failure. 2
Client is null. Returning write failure. 2
Client is null. Returning write failure. 2
Client is null. Returning write failure. 2
Client is null. Returning write failure. 2
Client is null. Returning write failure. 2
Client is null. Returning write failure. 2
Client is null. Returning write failure. 2
Client is null. Returning write failure. 2
register received
key check registered
connect received
called connect()
attempting to resolve address...
setting up client...
client setup finished
Handshake success
sending join
got fp
got worlddata
sending auth
scaleform 1
scaleform 2
scaleform 1
scaleform 2
scaleform 1
scaleform 2
Set code object, 2nd call
scaleform 1
scaleform 2
Set code object, 2nd call
scaleform 1
scaleform 2
scaleform 1
scaleform 2
scaleform 1
scaleform 2
scaleform 1
scaleform 2
scaleform 1
scaleform 2
scaleform 1
scaleform 2
Set code object, 2nd call
scaleform 1
scaleform 2
scaleform 1
scaleform 2
Set code object, 2nd call
scaleform 1
scaleform 2
scaleform 1
scaleform 2
scaleform 1
scaleform 2
Set code object, 2nd call
scaleform 1
scaleform 2
scaleform 1
scaleform 2
scaleform 1
scaleform 2
scaleform 1
scaleform 2
scaleform 1
scaleform 2
scaleform 1
scaleform 2
Set code object, 2nd call
scaleform 1
scaleform 2
scaleform 1
scaleform 2
scaleform 1
scaleform 2
scaleform 1
scaleform 2
scaleform 1
scaleform 2
scaleform 1
scaleform 2
scaleform 1
scaleform 2
scaleform 1
scaleform 2
scaleform 1
scaleform 2
scaleform 1
scaleform 2
scaleform 1
scaleform 2
scaleform 1
scaleform 2
scaleform 1
scaleform 2
scaleform 1
scaleform 2
scaleform 1
scaleform 2
scaleform 1
scaleform 2
scaleform 1
scaleform 2
scaleform 1
scaleform 2
Set code object, 2nd call
scaleform 1
scaleform 2
scaleform 1
scaleform 2
scaleform 1
scaleform 2
scaleform 1
scaleform 2
scaleform 1
scaleform 2
scaleform 1
scaleform 2
Set code object, 2nd call
scaleform 1
scaleform 2
scaleform 1
scaleform 2
scaleform 1
scaleform 2
scaleform 1
scaleform 2
scaleform 1
scaleform 2
scaleform 1
scaleform 2
scaleform 1
scaleform 2
Set code object, 2nd call
scaleform 1
scaleform 2
scaleform 1
scaleform 2
scaleform 1
scaleform 2
scaleform 1
scaleform 2
Set code object, 2nd call
scaleform 1
scaleform 2
scaleform 1
scaleform 2
scaleform 1
scaleform 2
scaleform 1
scaleform 2
scaleform 1
scaleform 2
scaleform 1
scaleform 2
Set code object, 2nd call
scaleform 1
scaleform 2
scaleform 1
scaleform 2
scaleform 1
scaleform 2
scaleform 1
scaleform 2
scaleform 1
scaleform 2
scaleform 1
scaleform 2
scaleform 1
scaleform 2
Set code object, 2nd call
scaleform 1
scaleform 2
scaleform 1
scaleform 2
Set code object, 2nd call
scaleform 1
scaleform 2
scaleform 1
scaleform 2
scaleform 1
scaleform 2
scaleform 1
scaleform 2
scaleform 1
scaleform 2
scaleform 1
scaleform 2
scaleform 1
scaleform 2
scaleform 1
scaleform 2
scaleform 1
scaleform 2
scaleform 1
scaleform 2
scaleform 1
scaleform 2
scaleform 1
scaleform 2
scaleform 1
scaleform 2
scaleform 1
scaleform 2
scaleform 1
scaleform 2
Interface is null. Shutting down listener.
scaleform 1
scaleform 2
scaleform 1
scaleform 2
scaleform 1
scaleform 2
scaleform 1
scaleform 2
scaleform 1
scaleform 2
Socket closing
scaleform 1
scaleform 2
scaleform 1
scaleform 2
scaleform 1
scaleform 2
Set code object, 1st call
register received
key check registered
connect received
called connect()
attempting to resolve address...
setting up client...
client setup finished
Handshake success
sending join
got fp
got worlddata
scaleform 1
scaleform 2
scaleform 1
scaleform 2
scaleform 1
scaleform 2
scaleform 1
scaleform 2
scaleform 1
scaleform 2
scaleform 1
scaleform 2
scaleform 1
scaleform 2
scaleform 1
scaleform 2
scaleform 1
scaleform 2
scaleform 1
scaleform 2
scaleform 1
scaleform 2
scaleform 1
scaleform 2
scaleform 1
scaleform 2
scaleform 1
scaleform 2
scaleform 1
scaleform 2
scaleform 1
scaleform 2
scaleform 1
scaleform 2
scaleform 1
scaleform 2
scaleform 1
scaleform 2
scaleform 1
scaleform 2
scaleform 1
scaleform 2
scaleform 1
scaleform 2
scaleform 1
scaleform 2
scaleform 1
scaleform 2
Set code object, 2nd call
scaleform 1
scaleform 2
scaleform 1
scaleform 2
scaleform 1
scaleform 2
scaleform 1
scaleform 2
scaleform 1
scaleform 2
scaleform 1
scaleform 2
scaleform 1
scaleform 2
scaleform 1
scaleform 2
scaleform 1
scaleform 2
scaleform 1
scaleform 2
scaleform 1
scaleform 2
scaleform 1
scaleform 2
scaleform 1
scaleform 2
scaleform 1
scaleform 2
scaleform 1
scaleform 2
scaleform 1
scaleform 2
scaleform 1
scaleform 2
scaleform 1
scaleform 2
scaleform 1
scaleform 2
scaleform 1
scaleform 2
scaleform 1
scaleform 2
scaleform 1
scaleform 2
scaleform 1
scaleform 2
scaleform 1
scaleform 2
scaleform 1
scaleform 2
scaleform 1
scaleform 2
scaleform 1
scaleform 2
scaleform 1
scaleform 2
scaleform 1
scaleform 2
